Archive member included because of file (symbol)

c:/program files (x86)/atmel/atmel toolchain/avr8 gcc/native/3.4.1061/avr8-gnu-toolchain/bin/../lib/gcc/avr/4.8.1/../../../../avr/lib/avr6\libm.a(cos.o)
                              GCLCD/common/gputsymrot.o (cos)
c:/program files (x86)/atmel/atmel toolchain/avr8 gcc/native/3.4.1061/avr8-gnu-toolchain/bin/../lib/gcc/avr/4.8.1/../../../../avr/lib/avr6\libm.a(fixsfsi.o)
                              GCLCD/common/gputsymrot.o (__fixsfsi)
c:/program files (x86)/atmel/atmel toolchain/avr8 gcc/native/3.4.1061/avr8-gnu-toolchain/bin/../lib/gcc/avr/4.8.1/../../../../avr/lib/avr6\libm.a(fixunssfsi.o)
                              c:/program files (x86)/atmel/atmel toolchain/avr8 gcc/native/3.4.1061/avr8-gnu-toolchain/bin/../lib/gcc/avr/4.8.1/../../../../avr/lib/avr6\libm.a(fixsfsi.o) (__fixunssfsi)
c:/program files (x86)/atmel/atmel toolchain/avr8 gcc/native/3.4.1061/avr8-gnu-toolchain/bin/../lib/gcc/avr/4.8.1/../../../../avr/lib/avr6\libm.a(fp_rempio2.o)
                              c:/program files (x86)/atmel/atmel toolchain/avr8 gcc/native/3.4.1061/avr8-gnu-toolchain/bin/../lib/gcc/avr/4.8.1/../../../../avr/lib/avr6\libm.a(cos.o) (__fp_rempio2)
c:/program files (x86)/atmel/atmel toolchain/avr8 gcc/native/3.4.1061/avr8-gnu-toolchain/bin/../lib/gcc/avr/4.8.1/../../../../avr/lib/avr6\libm.a(fp_sinus.o)
                              c:/program files (x86)/atmel/atmel toolchain/avr8 gcc/native/3.4.1061/avr8-gnu-toolchain/bin/../lib/gcc/avr/4.8.1/../../../../avr/lib/avr6\libm.a(cos.o) (__fp_sinus)
c:/program files (x86)/atmel/atmel toolchain/avr8 gcc/native/3.4.1061/avr8-gnu-toolchain/bin/../lib/gcc/avr/4.8.1/../../../../avr/lib/avr6\libm.a(fp_split3.o)
                              c:/program files (x86)/atmel/atmel toolchain/avr8 gcc/native/3.4.1061/avr8-gnu-toolchain/bin/../lib/gcc/avr/4.8.1/../../../../avr/lib/avr6\libm.a(fixunssfsi.o) (__fp_splitA)
c:/program files (x86)/atmel/atmel toolchain/avr8 gcc/native/3.4.1061/avr8-gnu-toolchain/bin/../lib/gcc/avr/4.8.1/../../../../avr/lib/avr6\libm.a(fp_zero.o)
                              c:/program files (x86)/atmel/atmel toolchain/avr8 gcc/native/3.4.1061/avr8-gnu-toolchain/bin/../lib/gcc/avr/4.8.1/../../../../avr/lib/avr6\libm.a(fixunssfsi.o) (__fp_zero)
c:/program files (x86)/atmel/atmel toolchain/avr8 gcc/native/3.4.1061/avr8-gnu-toolchain/bin/../lib/gcc/avr/4.8.1/../../../../avr/lib/avr6\libm.a(mulsf3.o)
                              GCLCD/common/gputsymrot.o (__mulsf3)
c:/program files (x86)/atmel/atmel toolchain/avr8 gcc/native/3.4.1061/avr8-gnu-toolchain/bin/../lib/gcc/avr/4.8.1/../../../../avr/lib/avr6\libm.a(mulsf3x.o)
                              c:/program files (x86)/atmel/atmel toolchain/avr8 gcc/native/3.4.1061/avr8-gnu-toolchain/bin/../lib/gcc/avr/4.8.1/../../../../avr/lib/avr6\libm.a(mulsf3.o) (__mulsf3x)
c:/program files (x86)/atmel/atmel toolchain/avr8 gcc/native/3.4.1061/avr8-gnu-toolchain/bin/../lib/gcc/avr/4.8.1/../../../../avr/lib/avr6\libm.a(sin.o)
                              GCLCD/common/gputsymrot.o (sin)
c:/program files (x86)/atmel/atmel toolchain/avr8 gcc/native/3.4.1061/avr8-gnu-toolchain/bin/../lib/gcc/avr/4.8.1/../../../../avr/lib/avr6\libm.a(addsf3x.o)
                              c:/program files (x86)/atmel/atmel toolchain/avr8 gcc/native/3.4.1061/avr8-gnu-toolchain/bin/../lib/gcc/avr/4.8.1/../../../../avr/lib/avr6\libm.a(fp_sinus.o) (__addsf3x)
c:/program files (x86)/atmel/atmel toolchain/avr8 gcc/native/3.4.1061/avr8-gnu-toolchain/bin/../lib/gcc/avr/4.8.1/../../../../avr/lib/avr6\libm.a(fp_inf.o)
                              c:/program files (x86)/atmel/atmel toolchain/avr8 gcc/native/3.4.1061/avr8-gnu-toolchain/bin/../lib/gcc/avr/4.8.1/../../../../avr/lib/avr6\libm.a(mulsf3x.o) (__fp_inf)
c:/program files (x86)/atmel/atmel toolchain/avr8 gcc/native/3.4.1061/avr8-gnu-toolchain/bin/../lib/gcc/avr/4.8.1/../../../../avr/lib/avr6\libm.a(fp_mpack.o)
                              c:/program files (x86)/atmel/atmel toolchain/avr8 gcc/native/3.4.1061/avr8-gnu-toolchain/bin/../lib/gcc/avr/4.8.1/../../../../avr/lib/avr6\libm.a(fp_rempio2.o) (__fp_mpack_finite)
c:/program files (x86)/atmel/atmel toolchain/avr8 gcc/native/3.4.1061/avr8-gnu-toolchain/bin/../lib/gcc/avr/4.8.1/../../../../avr/lib/avr6\libm.a(fp_nan.o)
                              c:/program files (x86)/atmel/atmel toolchain/avr8 gcc/native/3.4.1061/avr8-gnu-toolchain/bin/../lib/gcc/avr/4.8.1/../../../../avr/lib/avr6\libm.a(fp_rempio2.o) (__fp_nan)
c:/program files (x86)/atmel/atmel toolchain/avr8 gcc/native/3.4.1061/avr8-gnu-toolchain/bin/../lib/gcc/avr/4.8.1/../../../../avr/lib/avr6\libm.a(fp_powsodd.o)
                              c:/program files (x86)/atmel/atmel toolchain/avr8 gcc/native/3.4.1061/avr8-gnu-toolchain/bin/../lib/gcc/avr/4.8.1/../../../../avr/lib/avr6\libm.a(fp_sinus.o) (__fp_powsodd)
[...]
Memory Configuration

Name             Origin             Length             Attributes
text             0x00000000         0x00100000         xr
data             0x00800200         0x0000fe00         rw !x
eeprom           0x00810000         0x00010000         rw !x
fuse             0x00820000         0x00000400         rw !x
lock             0x00830000         0x00000400         rw !x
signature        0x00840000         0x00000400         rw !x
user_signatures  0x00850000         0x00000400         rw !x
*default*        0x00000000         0xffffffff

Linker script and memory map

Address of section .data set to 0x800200
LOAD c:/program files (x86)/atmel/atmel toolchain/avr8 gcc/native/3.4.1061/avr8-gnu-toolchain/bin/../lib/gcc/avr/4.8.1/../../../../avr/lib/avr6/crtm2560.o
LOAD GCLCD/common/gcarc.o
LOAD GCLCD/common/gcgetbak.o
LOAD GCLCD/common/gcgetfor.o
LOAD GCLCD/common/gchlnsp.o
LOAD GCLCD/common/gcpsel.o
LOAD GCLCD/common/gcsetbak.o
LOAD GCLCD/common/gcsetfor.o
LOAD GCLCD/common/gfcursor.o
LOAD GCLCD/common/gfgetcxp.o
LOAD GCLCD/common/gfgetcyp.o
LOAD GCLCD/common/gfgeth.o
LOAD GCLCD/common/gfgetw.o
LOAD GCLCD/common/gfillfsym.o
LOAD GCLCD/common/gfputch.o
LOAD GCLCD/common/gfsel.o
LOAD GCLCD/common/gfsetcp.o
LOAD GCLCD/common/gfsetp.o
LOAD GCLCD/common/gfsymw.o
LOAD GCLCD/common/gftabs.o
LOAD GCLCD/common/ggcircle.o
LOAD GCLCD/common/ggetfsym.o
LOAD GCLCD/common/ggetmbc.o
LOAD GCLCD/common/ggetmode.o
LOAD GCLCD/common/gggetxyp.o
LOAD GCLCD/common/ggline.o
LOAD GCLCD/common/ggpixel.o
LOAD GCLCD/common/ggrect.o
LOAD GCLCD/common/gicarc.o
LOAD GCLCD/common/giputsym.o
LOAD GCLCD/common/gmbcpyw.o
LOAD GCLCD/common/gmstrcpy.o
LOAD GCLCD/common/gmstrlen.o
LOAD GCLCD/common/gpstrh.o
LOAD GCLCD/common/gputchrot.o
LOAD GCLCD/common/gputfsym.o
LOAD GCLCD/common/gputsrot.o
LOAD GCLCD/common/gputsymrot.o
LOAD GCLCD/common/groundrec.o
LOAD GCLCD/common/gscreen.o
LOAD GCLCD/common/gsetcpy.o
LOAD GCLCD/common/gslen.o
LOAD GCLCD/common/gsputs.o
LOAD GCLCD/common/gstrln.o
LOAD GCLCD/common/gsymcput.o
LOAD GCLCD/common/gsymfill.o
LOAD GCLCD/common/gsymget.o
LOAD GCLCD/common/gsympixrd.o
LOAD GCLCD/common/gsymput.o
LOAD GCLCD/common/gvpapp.o
LOAD GCLCD/common/gvpclr.o
LOAD GCLCD/common/gvpcset.o
LOAD GCLCD/common/gvpfill.o
LOAD GCLCD/common/gvpget.o
LOAD GCLCD/common/gvpinit.o
LOAD GCLCD/common/gvpinv.o
LOAD GCLCD/common/gvpmode.o
LOAD GCLCD/common/gvpreset.o
LOAD GCLCD/common/gvpscrol.o
LOAD GCLCD/common/gvpsel.o
LOAD GCLCD/common/gvpset.o
LOAD GCLCD/common/gvpvph.o
LOAD GCLCD/common/gvpvpw.o
LOAD GCLCD/common/gvpxl.o
LOAD GCLCD/common/gvpxr.o
LOAD GCLCD/common/gvpyb.o
LOAD GCLCD/common/gvpyt.o
LOAD GCLCD/controller/ghwblkrw.o
LOAD GCLCD/controller/ghwbuf.o
LOAD GCLCD/controller/ghwfill.o
LOAD GCLCD/controller/ghwgscrl.o
LOAD GCLCD/controller/ghwinv.o
LOAD GCLCD/controller/ghwpixel.o
LOAD GCLCD/controller/ghwplrgb.o
LOAD GCLCD/controller/ghwretgl.o
LOAD GCLCD/controller/ghwsymrd.o
LOAD GCLCD/controller/ghwsymwr.o
LOAD GCLCD/common/ghwbuf.o
LOAD GCLCD/common/ghwcolcv.o
LOAD GCLCD/common/ghwinit.o
LOAD GCLCD/fonts/ariel18.o
LOAD GCLCD/fonts/ariel9.o
LOAD GCLCD/fonts/cp8859_14.o
LOAD GCLCD/fonts/cp8859_9.o
LOAD GCLCD/fonts/footnote.o
LOAD GCLCD/fonts/mono5_8.o
LOAD GCLCD/fonts/mono8_8.o
LOAD GCLCD/fonts/ms58p.o
LOAD GCLCD/fonts/msfont58.o
LOAD GCLCD/fonts/msfont78.o
LOAD GCLCD/ghwio/bussim.o
LOAD GCLCD/ghwio/ghwioini.o
LOAD hx8375d.o
LOAD main.o
LOAD spi4.o
LOAD TFT_spi.o
START GROUP
LOAD c:/program files (x86)/atmel/atmel toolchain/avr8 gcc/native/3.4.1061/avr8-gnu-toolchain/bin/../lib/gcc/avr/4.8.1/../../../../avr/lib/avr6\libm.a
END GROUP
START GROUP
LOAD c:/program files (x86)/atmel/atmel toolchain/avr8 gcc/native/3.4.1061/avr8-gnu-toolchain/bin/../lib/gcc/avr/4.8.1/avr6\libgcc.a
LOAD c:/program files (x86)/atmel/atmel toolchain/avr8 gcc/native/3.4.1061/avr8-gnu-toolchain/bin/../lib/gcc/avr/4.8.1/../../../../avr/lib/avr6\libm.a
LOAD c:/program files (x86)/atmel/atmel toolchain/avr8 gcc/native/3.4.1061/avr8-gnu-toolchain/bin/../lib/gcc/avr/4.8.1/../../../../avr/lib/avr6\libc.a
END GROUP

.hash
 *(.hash)

.dynsym
 *(.dynsym)

.dynstr
 *(.dynstr)

.gnu.version
 *(.gnu.version)

.gnu.version_d
 *(.gnu.version_d)

.gnu.version_r
 *(.gnu.version_r)

.rel.init
 *(.rel.init)

.rela.init
 *(.rela.init)

.rel.text
 *(.rel.text)
 *(.rel.text.*)
 *(.rel.gnu.linkonce.t*)

.rela.text
 *(.rela.text)
 *(.rela.text.*)
 *(.rela.gnu.linkonce.t*)

.rel.fini
 *(.rel.fini)

.rela.fini
 *(.rela.fini)

.rel.rodata
 *(.rel.rodata)
 *(.rel.rodata.*)
 *(.rel.gnu.linkonce.r*)

.rela.rodata
 *(.rela.rodata)
 *(.rela.rodata.*)
 *(.rela.gnu.linkonce.r*)

.rel.data
 *(.rel.data)
 *(.rel.data.*)
 *(.rel.gnu.linkonce.d*)

.rela.data
 *(.rela.data)
 *(.rela.data.*)
 *(.rela.gnu.linkonce.d*)

.rel.ctors
 *(.rel.ctors)

.rela.ctors
 *(.rela.ctors)

.rel.dtors
 *(.rel.dtors)

.rela.dtors
 *(.rela.dtors)

.rel.got
 *(.rel.got)

.rela.got
 *(.rela.got)

.rel.bss
 *(.rel.bss)

.rela.bss
 *(.rela.bss)

.rel.plt
 *(.rel.plt)

.rela.plt
 *(.rela.plt)

.text           0x00000000     0x1cd8
 *(.vectors)
 .vectors       0x00000000       0xe4 c:/program files (x86)/atmel/atmel toolchain/avr8 gcc/native/3.4.1061/avr8-gnu-toolchain/bin/../lib/gcc/avr/4.8.1/../../../../avr/lib/avr6/crtm2560.o
                0x00000000                __vector_default
                0x00000000                __vectors
 *(.vectors)
 *(.progmem.gcc*)
                0x000000e4                . = ALIGN (0x2)
                0x000000e4                __trampolines_start = .
 *(.trampolines)
 .trampolines   0x000000e4        0x0 linker stubs
 *(.trampolines*)
                0x000000e4                __trampolines_end = .
 *(.progmem*)
                0x000000e4                . = ALIGN (0x2)
 *(.jumptables)
 *(.jumptables*)
 *(.lowtext)
 *(.lowtext*)
                0x000000e4                __ctors_start = .
 *(.ctors)
                0x000000e4                __ctors_end = .
                0x000000e4                __dtors_start = .
 *(.dtors)
                0x000000e4                __dtors_end = .
 SORT(*)(.ctors)
 SORT(*)(.dtors)
 *(.init0)
 .init0         0x000000e4        0x0 c:/program files (x86)/atmel/atmel toolchain/avr8 gcc/native/3.4.1061/avr8-gnu-toolchain/bin/../lib/gcc/avr/4.8.1/../../../../avr/lib/avr6/crtm2560.o
                0x000000e4                __init
 *(.init0)
 *(.init1)
 *(.init1)
 *(.init2)
 .init2         0x000000e4       0x10 c:/program files (x86)/atmel/atmel toolchain/avr8 gcc/native/3.4.1061/avr8-gnu-toolchain/bin/../lib/gcc/avr/4.8.1/../../../../avr/lib/avr6/crtm2560.o
 *(.init2)
 *(.init3)
 *(.init3)
 *(.init4)
 .init4         0x000000f4       0x1a c:/program files (x86)/atmel/atmel toolchain/avr8 gcc/native/3.4.1061/avr8-gnu-toolchain/bin/../lib/gcc/avr/4.8.1/avr6\libgcc.a(_copy_data.o)
                0x000000f4                __do_copy_data
 .init4         0x0000010e       0x10 c:/program files (x86)/atmel/atmel toolchain/avr8 gcc/native/3.4.1061/avr8-gnu-toolchain/bin/../lib/gcc/avr/4.8.1/avr6\libgcc.a(_clear_bss.o)
                0x0000010e                __do_clear_bss
 *(.init4)
 *(.init5)
 *(.init5)
 *(.init6)
 *(.init6)
 *(.init7)
 *(.init7)
 *(.init8)
 *(.init8)
 *(.init9)
 .init9         0x0000011e        0x8 c:/program files (x86)/atmel/atmel toolchain/avr8 gcc/native/3.4.1061/avr8-gnu-toolchain/bin/../lib/gcc/avr/4.8.1/../../../../avr/lib/avr6/crtm2560.o
 *(.init9)
 *(.text)
 .text          0x00000126        0x2 c:/program files (x86)/atmel/atmel toolchain/avr8 gcc/native/3.4.1061/avr8-gnu-toolchain/bin/../lib/gcc/avr/4.8.1/../../../../avr/lib/avr6/crtm2560.o
                0x00000126                __vector_38
                0x00000126                __vector_22
                0x00000126                __vector_28
                0x00000126                __vector_1
                0x00000126                __vector_32
                0x00000126                __vector_34
                0x00000126                __vector_24
                0x00000126                __vector_12
                0x00000126                __vector_55
                0x00000126                __vector_46
                0x00000126                __bad_interrupt
                0x00000126                __vector_6
                0x00000126                __vector_31
                0x00000126                __vector_35
                0x00000126                __vector_39
                0x00000126                __vector_3
                0x00000126                __vector_23
                0x00000126                __vector_30
                0x00000126                __vector_45
                0x00000126                __vector_25
                0x00000126                __vector_11
                0x00000126                __vector_54
                0x00000126                __vector_13
                0x00000126                __vector_17
                0x00000126                __vector_19
                0x00000126                __vector_56
                0x00000126                __vector_7
                0x00000126                __vector_49
                0x00000126                __vector_41
                0x00000126                __vector_43
                0x00000126                __vector_27
                0x00000126                __vector_5
                0x00000126                __vector_33
                0x00000126                __vector_47
                0x00000126                __vector_52
                0x00000126                __vector_37
                0x00000126                __vector_4
                0x00000126                __vector_44
                0x00000126                __vector_51
                0x00000126                __vector_9
                0x00000126                __vector_2
                0x00000126                __vector_21
                0x00000126                __vector_15
                0x00000126                __vector_36
                0x00000126                __vector_29
                0x00000126                __vector_40
                0x00000126                __vector_8
                0x00000126                __vector_26
                0x00000126                __vector_48
                0x00000126                __vector_14
                0x00000126                __vector_53
                0x00000126                __vector_10
                0x00000126                __vector_50
                0x00000126                __vector_16
                0x00000126                __vector_18
                0x00000126                __vector_20
                0x00000126                __vector_42
                0x00000128                . = ALIGN (0x2)
 *(.text.*)
 .text.gfgetfh  0x00000128       0x10 GCLCD/common/gfgeth.o
                0x00000128                gfgetfh
 .text.gi_process_newline
                0x00000138       0x9c GCLCD/common/gfputch.o
                0x00000138                gi_process_newline
 .text.gi_put_prepare
                0x000001d4       0x1e GCLCD/common/gfputch.o
                0x000001d4                gi_put_prepare
 .text.gi_put_complete
                0x000001f2       0x28 GCLCD/common/gfputch.o
                0x000001f2                gi_put_complete
 .text.gi_tabstep
                0x0000021a       0x2a GCLCD/common/gfputch.o
                0x0000021a                gi_tabstep
 .text.gi_putch
                0x00000244      0x186 GCLCD/common/gfputch.o
                0x00000244                gi_putch
 .text.gselfont
                0x000003ca       0x98 GCLCD/common/gfsel.o
                0x000003ca                gselfont
 .text.gi_getsymbol
                0x00000462       0xec GCLCD/common/gfsymw.o
                0x00000462                gi_getsymbol
 .text.gi_getsymw
                0x0000054e       0x38 GCLCD/common/gfsymw.o
                0x0000054e                gi_getsymw
 .text.gi_putsymbol
                0x00000586      0x1c2 GCLCD/common/giputsym.o
                0x00000586                gi_putsymbol
 .text.gi_sizestrseg
                0x00000748      0x2d6 GCLCD/common/gsputs.o
                0x00000748                gi_sizestrseg
 .text.gputs    0x00000a1e      0x3f0 GCLCD/common/gsputs.o
                0x00000a1e                gputs
 .text.gi_calcdatacheck
                0x00000e0e        0xc GCLCD/common/gvpinit.o
                0x00000e0e                gi_calcdatacheck
 .text.gi_resetvp
                0x00000e1a       0x80 GCLCD/common/gvpinit.o
                0x00000e1a                gi_resetvp
 .text.ginit    0x00000e9a       0x4c GCLCD/common/gvpinit.o
                0x00000e9a                ginit
 .text.gi_datacheck
                0x00000ee6       0x52 GCLCD/common/gvpinit.o
                0x00000ee6                gi_datacheck
 .text.ghw_fill
                0x00000f38      0x128 GCLCD/controller/ghwfill.o
                0x00000f38                ghw_fill
 .text.ghw_gscroll
                0x00001060      0x11a GCLCD/controller/ghwgscrl.o
                0x00001060                ghw_gscroll
 .text.ghw_wrsym
                0x0000117a      0x460 GCLCD/controller/ghwsymwr.o
                0x0000117a                ghw_wrsym
 .text.ghw_color_to_rgb
                0x000015da      0x150 GCLCD/common/ghwcolcv.o
                0x000015da                ghw_color_to_rgb
 .text.ghw_color_conv
                0x0000172a       0x26 GCLCD/common/ghwcolcv.o
                0x0000172a                ghw_color_conv
 .text.ghw_color_blend
                0x00001750      0x13c GCLCD/common/ghwcolcv.o
                0x00001750                ghw_color_blend
 .text.ghw_cmd_wait
                0x0000188c       0x40 GCLCD/common/ghwinit.o
 .text.ghw_cmddat
                0x000018cc        0x8 GCLCD/common/ghwinit.o
 .text.ghw_cmd  0x000018d4        0x8 GCLCD/common/ghwinit.o
 .text.ghw_set_xyrange
                0x000018dc       0x46 GCLCD/common/ghwinit.o
                0x000018dc                ghw_set_xyrange
 .text.ghw_setxypos
                0x00001922        0x8 GCLCD/common/ghwinit.o
                0x00001922                ghw_setxypos
 .text.ghw_auto_wr
                0x0000192a       0x14 GCLCD/common/ghwinit.o
                0x0000192a                ghw_auto_wr
 .text.ghw_auto_rd_start
                0x0000193e        0xa GCLCD/common/ghwinit.o
                0x0000193e                ghw_auto_rd_start
 .text.ghw_auto_rd
                0x00001948       0x4a GCLCD/common/ghwinit.o
                0x00001948                ghw_auto_rd
 .text.ghw_rgb_to_color
                0x00001992       0x30 GCLCD/common/ghwinit.o
                0x00001992                ghw_rgb_to_color
 .text.ghw_palette_wr
                0x000019c2       0xa2 GCLCD/common/ghwinit.o
                0x000019c2                ghw_palette_wr
 .text.ghw_dispon
                0x00001a64        0x6 GCLCD/common/ghwinit.o
                0x00001a64                ghw_dispon
 .text.ghw_init
                0x00001a6a       0xbc GCLCD/common/ghwinit.o
                0x00001a6a                ghw_init
 .text.simwrby  0x00001b26        0x2 GCLCD/ghwio/bussim.o
                0x00001b26                simwrby
 .text.simrdby  0x00001b28        0x4 GCLCD/ghwio/bussim.o
                0x00001b28                simrdby
 .text.ghw_io_init
                0x00001b2c       0x64 GCLCD/ghwio/ghwioini.o
                0x00001b2c                ghw_io_init
 .text.init_pins
                0x00001b90        0x6 main.o
                0x00001b90                init_pins
 .text.main     0x00001b96       0x34 main.o
                0x00001b96                main
 .text.init_spi_master
                0x00001bca        0xe spi4.o
                0x00001bca                init_spi_master
 .text.SPI_Transfer
                0x00001bd8        0xc spi4.o
                0x00001bd8                SPI_Transfer
 .text.spi_tft_sendCommand
                0x00001be4        0xa TFT_spi.o
                0x00001be4                spi_tft_sendCommand
 .text.spi_tft_sendData
                0x00001bee        0xa TFT_spi.o
                0x00001bee                spi_tft_sendData
 .text.libgcc.div
                0x00001bf8       0x18 c:/program files (x86)/atmel/atmel toolchain/avr8 gcc/native/3.4.1061/avr8-gnu-toolchain/bin/../lib/gcc/avr/4.8.1/avr6\libgcc.a(_udivmodqi4.o)
                0x00001bf8                __udivmodqi4
 .text.libgcc.div
                0x00001c10       0x28 c:/program files (x86)/atmel/atmel toolchain/avr8 gcc/native/3.4.1061/avr8-gnu-toolchain/bin/../lib/gcc/avr/4.8.1/avr6\libgcc.a(_udivmodhi4.o)
                0x00001c10                __udivmodhi4
 .text.libgcc.div
                0x00001c38       0x26 c:/program files (x86)/atmel/atmel toolchain/avr8 gcc/native/3.4.1061/avr8-gnu-toolchain/bin/../lib/gcc/avr/4.8.1/avr6\libgcc.a(_divmodhi4.o)
                0x00001c38                _div
                0x00001c38                __divmodhi4
 .text.libgcc.div
                0x00001c5e       0x44 c:/program files (x86)/atmel/atmel toolchain/avr8 gcc/native/3.4.1061/avr8-gnu-toolchain/bin/../lib/gcc/avr/4.8.1/avr6\libgcc.a(_udivmodsi4.o)
                0x00001c5e                __udivmodsi4
 .text.libgcc.mul
                0x00001ca2       0x1e c:/program files (x86)/atmel/atmel toolchain/avr8 gcc/native/3.4.1061/avr8-gnu-toolchain/bin/../lib/gcc/avr/4.8.1/avr6\libgcc.a(_umulhisi3.o)
                0x00001ca2                __umulhisi3
 .text.libgcc.mul
                0x00001cc0       0x14 c:/program files (x86)/atmel/atmel toolchain/avr8 gcc/native/3.4.1061/avr8-gnu-toolchain/bin/../lib/gcc/avr/4.8.1/avr6\libgcc.a(_muluhisi3.o)
                0x00001cc0                __muluhisi3
                0x00001cd4                . = ALIGN (0x2)
 *(.fini9)
 .fini9         0x00001cd4        0x0 c:/program files (x86)/atmel/atmel toolchain/avr8 gcc/native/3.4.1061/avr8-gnu-toolchain/bin/../lib/gcc/avr/4.8.1/avr6\libgcc.a(_exit.o)
                0x00001cd4                _exit
                0x00001cd4                exit
 *(.fini9)
 *(.fini8)
 *(.fini8)
 *(.fini7)
 *(.fini7)
 *(.fini6)
 *(.fini6)
 *(.fini5)
 *(.fini5)
 *(.fini4)
 *(.fini4)
 *(.fini3)
 *(.fini3)
 *(.fini2)
 *(.fini2)
 *(.fini1)
 *(.fini1)
 *(.fini0)
 .fini0         0x00001cd4        0x4 c:/program files (x86)/atmel/atmel toolchain/avr8 gcc/native/3.4.1061/avr8-gnu-toolchain/bin/../lib/gcc/avr/4.8.1/avr6\libgcc.a(_exit.o)
 *(.fini0)
                0x00001cd8                _etext = .

.data           0x00800200      0x9fc load address 0x00001cd8
                0x00800200                PROVIDE (__data_start, .)
 *(.data)
 *(.data*)
 *(.rodata)
 *(.rodata*)
 .rodata.as1dregs
                0x00800200       0x21 GCLCD/common/ghwinit.o
 .rodata.sympixmsk
                0x00800221        0x8 GCLCD/common/ghwinit.o
                0x00800221                sympixmsk
 .rodata.SYSFONT
                0x00800229        0xc GCLCD/common/ghwinit.o
                0x00800229                SYSFONT
 .rodata.sysfontsym
                0x00800235      0x500 GCLCD/common/ghwinit.o
 .rodata.ghw_palette
                0x00800735       0x30 GCLCD/common/ghwinit.o
 .rodata.ariel9
                0x00800765        0xc GCLCD/fonts/ariel9.o
                0x00800765                ariel9
 .rodata.ariel9sym
                0x00800771      0x420 GCLCD/fonts/ariel9.o
 .rodata.ariel9cp
                0x00800b91        0x5 GCLCD/fonts/ariel9.o
 .rodata.hx8357d_init
                0x00800b96       0x4a hx8375d.o
                0x00800b96                hx8357d_init
 .rodata.str1.1
                0x00800be0       0x1c main.o
 *(.gnu.linkonce.d*)
                0x00800bfc                . = ALIGN (0x2)
                0x00800bfc                _edata = .
                0x00800bfc                PROVIDE (__data_end, .)

.bss            0x00800bfc      0x19e
                0x00800bfc                PROVIDE (__bss_start, .)
 *(.bss)
 *(.bss*)
 .bss.wait1ms.1958
                0x00800bfc        0x2 GCLCD/common/ghwinit.o
 *(COMMON)
 COMMON         0x00800bfe        0x1 GCLCD/common/gfputch.o
                0x00800bfe                gi_fullheightline
 COMMON         0x00800bff       0x6e GCLCD/common/gvpinit.o
                0x00800bff                gcurvp
                0x00800c01                gdata
 COMMON         0x00800c6d      0x12d GCLCD/common/ghwinit.o
                0x00800c6d                ghw_tmpbuf
                0x00800d75                ghw_palette_opr
                0x00800d95                ghw_def_foreground
                0x00800d97                ghw_def_background
                0x00800d99                glcd_err
                0x00800d9a                PROVIDE (__bss_end, .)
                0x00001cd8                __data_load_start = LOADADDR (.data)
                0x000026d4                __data_load_end = (__data_load_start + SIZEOF (.data))

.noinit         0x00800d9a        0x0
                0x00800d9a                PROVIDE (__noinit_start, .)
 *(.noinit*)
                0x00800d9a                PROVIDE (__noinit_end, .)
                0x00800d9a                _end = .
                0x00800d9a                PROVIDE (__heap_start, .)

.eeprom         0x00810000        0x0
 *(.eeprom*)
                0x00810000                __eeprom_end = .

.fuse
 *(.fuse)
 *(.lfuse)
 *(.hfuse)
 *(.efuse)

.lock
 *(.lock*)

.signature
 *(.signature*)

.user_signatures
 *(.user_signatures*)

.stab
 *(.stab)

.stabstr
 *(.stabstr)

.stab.excl
 *(.stab.excl)

.stab.exclstr
 *(.stab.exclstr)

.stab.index
 *(.stab.index)

.stab.indexstr
 *(.stab.indexstr)

.comment        0x00000000       0x30
 *(.comment)
 .comment       0x00000000       0x30 GCLCD/common/gfgeth.o
                                 0x31 (size before relaxing)
 .comment       0x00000000       0x31 GCLCD/common/gfputch.o
 .comment       0x00000000       0x31 GCLCD/common/gfsel.o
 .comment       0x00000000       0x31 GCLCD/common/gfsymw.o
 .comment       0x00000000       0x31 GCLCD/common/giputsym.o
 .comment       0x00000000       0x31 GCLCD/common/gsputs.o
 .comment       0x00000000       0x31 GCLCD/common/gvpinit.o
 .comment       0x00000000       0x31 GCLCD/controller/ghwfill.o
 .comment       0x00000000       0x31 GCLCD/controller/ghwgscrl.o
 .comment       0x00000000       0x31 GCLCD/controller/ghwsymwr.o
 .comment       0x00000000       0x31 GCLCD/common/ghwcolcv.o
 .comment       0x00000000       0x31 GCLCD/common/ghwinit.o
 .comment       0x00000000       0x31 GCLCD/fonts/ariel9.o
 .comment       0x00000000       0x31 GCLCD/ghwio/bussim.o
 .comment       0x00000000       0x31 GCLCD/ghwio/ghwioini.o
 .comment       0x00000000       0x31 hx8375d.o
 .comment       0x00000000       0x31 main.o
 .comment       0x00000000       0x31 spi4.o
 .comment       0x00000000       0x31 TFT_spi.o

.note.gnu.build-id
 *(.note.gnu.build-id)

.debug
 *(.debug)

.line
 *(.line)

.debug_srcinfo
 *(.debug_srcinfo)

.debug_sfnames
 *(.debug_sfnames)

.debug_aranges  0x00000000      0x388
 *(.debug_aranges)
 .debug_aranges
                0x00000000       0x30 GCLCD/common/gfgeth.o
 .debug_aranges
                0x00000030       0x48 GCLCD/common/gfputch.o
 .debug_aranges
                0x00000078       0x30 GCLCD/common/gfsel.o
 .debug_aranges
                0x000000a8       0x28 GCLCD/common/gfsymw.o
 .debug_aranges
                0x000000d0       0x20 GCLCD/common/giputsym.o
 .debug_aranges
                0x000000f0       0x28 GCLCD/common/gsputs.o
 .debug_aranges
                0x00000118       0x38 GCLCD/common/gvpinit.o
 .debug_aranges
                0x00000150       0x20 GCLCD/controller/ghwfill.o
 .debug_aranges
                0x00000170       0x20 GCLCD/controller/ghwgscrl.o
 .debug_aranges
                0x00000190       0x20 GCLCD/controller/ghwsymwr.o
 .debug_aranges
                0x000001b0       0x30 GCLCD/common/ghwcolcv.o
 .debug_aranges
                0x000001e0       0xa0 GCLCD/common/ghwinit.o
 .debug_aranges
                0x00000280       0x18 GCLCD/fonts/ariel9.o
 .debug_aranges
                0x00000298       0x30 GCLCD/ghwio/bussim.o
 .debug_aranges
                0x000002c8       0x28 GCLCD/ghwio/ghwioini.o
 .debug_aranges
                0x000002f0       0x18 hx8375d.o
 .debug_aranges
                0x00000308       0x28 main.o
 .debug_aranges
                0x00000330       0x30 spi4.o
 .debug_aranges
                0x00000360       0x28 TFT_spi.o

.debug_pubnames
 *(.debug_pubnames)

.debug_info     0x00000000     0x4d21
 *(.debug_info .gnu.linkonce.wi.*)
 .debug_info    0x00000000      0x517 GCLCD/common/gfgeth.o
 .debug_info    0x00000517      0x787 GCLCD/common/gfputch.o
 .debug_info    0x00000c9e      0x547 GCLCD/common/gfsel.o
 .debug_info    0x000011e5      0x58e GCLCD/common/gfsymw.o
 .debug_info    0x00001773      0x5c4 GCLCD/common/giputsym.o
 .debug_info    0x00001d37      0x7e6 GCLCD/common/gsputs.o
 .debug_info    0x0000251d      0x5cb GCLCD/common/gvpinit.o
 .debug_info    0x00002ae8      0x1ee GCLCD/controller/ghwfill.o
 .debug_info    0x00002cd6      0x27a GCLCD/controller/ghwgscrl.o
 .debug_info    0x00002f50      0x3c9 GCLCD/controller/ghwsymwr.o
 .debug_info    0x00003319      0x203 GCLCD/common/ghwcolcv.o
 .debug_info    0x0000351c      0xc40 GCLCD/common/ghwinit.o
 .debug_info    0x0000415c      0x32f GCLCD/fonts/ariel9.o
 .debug_info    0x0000448b       0xee GCLCD/ghwio/bussim.o
 .debug_info    0x00004579      0x162 GCLCD/ghwio/ghwioini.o
 .debug_info    0x000046db       0x8f hx8375d.o
 .debug_info    0x0000476a      0x3e9 main.o
 .debug_info    0x00004b53       0xd7 spi4.o
 .debug_info    0x00004c2a       0xf7 TFT_spi.o

.debug_abbrev   0x00000000     0x1aeb
 *(.debug_abbrev)
 .debug_abbrev  0x00000000      0x16c GCLCD/common/gfgeth.o
 .debug_abbrev  0x0000016c      0x28d GCLCD/common/gfputch.o
 .debug_abbrev  0x000003f9      0x1a6 GCLCD/common/gfsel.o
 .debug_abbrev  0x0000059f      0x1b4 GCLCD/common/gfsymw.o
 .debug_abbrev  0x00000753      0x190 GCLCD/common/giputsym.o
 .debug_abbrev  0x000008e3      0x2c6 GCLCD/common/gsputs.o
 .debug_abbrev  0x00000ba9      0x20b GCLCD/common/gvpinit.o
 .debug_abbrev  0x00000db4      0x106 GCLCD/controller/ghwfill.o
 .debug_abbrev  0x00000eba      0x13f GCLCD/controller/ghwgscrl.o
 .debug_abbrev  0x00000ff9      0x16f GCLCD/controller/ghwsymwr.o
 .debug_abbrev  0x00001168      0x126 GCLCD/common/ghwcolcv.o
 .debug_abbrev  0x0000128e      0x2c6 GCLCD/common/ghwinit.o
 .debug_abbrev  0x00001554       0xda GCLCD/fonts/ariel9.o
 .debug_abbrev  0x0000162e       0xa7 GCLCD/ghwio/bussim.o
 .debug_abbrev  0x000016d5       0xfe GCLCD/ghwio/ghwioini.o
 .debug_abbrev  0x000017d3       0x5d hx8375d.o
 .debug_abbrev  0x00001830      0x185 main.o
 .debug_abbrev  0x000019b5       0x94 spi4.o
 .debug_abbrev  0x00001a49       0xa2 TFT_spi.o

.debug_line     0x00000000     0x22ad
 *(.debug_line .debug_line.* .debug_line_end)
 .debug_line    0x00000000      0x101 GCLCD/common/gfgeth.o
 .debug_line    0x00000101      0x30c GCLCD/common/gfputch.o
 .debug_line    0x0000040d      0x15c GCLCD/common/gfsel.o
 .debug_line    0x00000569      0x1a3 GCLCD/common/gfsymw.o
 .debug_line    0x0000070c      0x1c9 GCLCD/common/giputsym.o
 .debug_line    0x000008d5      0x4f1 GCLCD/common/gsputs.o
 .debug_line    0x00000dc6      0x1d7 GCLCD/common/gvpinit.o
 .debug_line    0x00000f9d      0x1a5 GCLCD/controller/ghwfill.o
 .debug_line    0x00001142      0x142 GCLCD/controller/ghwgscrl.o
 .debug_line    0x00001284      0x33f GCLCD/controller/ghwsymwr.o
 .debug_line    0x000015c3      0x1d1 GCLCD/common/ghwcolcv.o
 .debug_line    0x00001794      0x4c3 GCLCD/common/ghwinit.o
 .debug_line    0x00001c57       0x6e GCLCD/fonts/ariel9.o
 .debug_line    0x00001cc5       0x6c GCLCD/ghwio/bussim.o
 .debug_line    0x00001d31      0x14f GCLCD/ghwio/ghwioini.o
 .debug_line    0x00001e80       0x9d hx8375d.o
 .debug_line    0x00001f1d      0x15e main.o
 .debug_line    0x0000207b      0x13b spi4.o
 .debug_line    0x000021b6       0xf7 TFT_spi.o

.debug_frame    0x00000000      0x884
 *(.debug_frame)
 .debug_frame   0x00000000       0x44 GCLCD/common/gfgeth.o
 .debug_frame   0x00000044       0xbc GCLCD/common/gfputch.o
 .debug_frame   0x00000100       0x50 GCLCD/common/gfsel.o
 .debug_frame   0x00000150       0x48 GCLCD/common/gfsymw.o
 .debug_frame   0x00000198       0x7c GCLCD/common/giputsym.o
 .debug_frame   0x00000214       0xac GCLCD/common/gsputs.o
 .debug_frame   0x000002c0       0x70 GCLCD/common/gvpinit.o
 .debug_frame   0x00000330       0x5c GCLCD/controller/ghwfill.o
 .debug_frame   0x0000038c       0x68 GCLCD/controller/ghwgscrl.o
 .debug_frame   0x000003f4       0x84 GCLCD/controller/ghwsymwr.o
 .debug_frame   0x00000478       0xc0 GCLCD/common/ghwcolcv.o
 .debug_frame   0x00000538      0x204 GCLCD/common/ghwinit.o
 .debug_frame   0x0000073c       0x44 GCLCD/ghwio/bussim.o
 .debug_frame   0x00000780       0x58 GCLCD/ghwio/ghwioini.o
 .debug_frame   0x000007d8       0x34 main.o
 .debug_frame   0x0000080c       0x44 spi4.o
 .debug_frame   0x00000850       0x34 TFT_spi.o

.debug_str      0x00000000      0xb50
 *(.debug_str)
 .debug_str     0x00000000      0x33b GCLCD/common/gfgeth.o
                                0x3da (size before relaxing)
 .debug_str     0x0000033b      0x122 GCLCD/common/gfputch.o
                                0x3eb (size before relaxing)
 .debug_str     0x0000045d       0x55 GCLCD/common/gfsel.o
                                0x3ef (size before relaxing)
 .debug_str     0x000004b2       0x76 GCLCD/common/gfsymw.o
                                0x361 (size before relaxing)
 .debug_str     0x00000528       0x61 GCLCD/common/giputsym.o
                                0x367 (size before relaxing)
 .debug_str     0x00000589       0xce GCLCD/common/gsputs.o
                                0x3f3 (size before relaxing)
 .debug_str     0x00000657       0x6c GCLCD/common/gvpinit.o
                                0x406 (size before relaxing)
 .debug_str     0x000006c3       0x8e GCLCD/controller/ghwfill.o
                                0x1e6 (size before relaxing)
 .debug_str     0x00000751       0x76 GCLCD/controller/ghwgscrl.o
                                0x1f4 (size before relaxing)
 .debug_str     0x000007c7       0xbc GCLCD/controller/ghwsymwr.o
                                0x287 (size before relaxing)
 .debug_str     0x00000883       0x62 GCLCD/common/ghwcolcv.o
                                0x1ea (size before relaxing)
 .debug_str     0x000008e5      0x126 GCLCD/common/ghwinit.o
                                0x462 (size before relaxing)
 .debug_str     0x00000a0b       0x32 GCLCD/fonts/ariel9.o
                                0x26b (size before relaxing)
 .debug_str     0x00000a3d       0x22 GCLCD/ghwio/bussim.o
                                0x178 (size before relaxing)
 .debug_str     0x00000a5f       0x86 GCLCD/ghwio/ghwioini.o
                                0x1f0 (size before relaxing)
 .debug_str     0x00000ae5        0xf hx8375d.o
                                0x179 (size before relaxing)
 .debug_str     0x00000af4       0x2b main.o
                                0x2d5 (size before relaxing)
 .debug_str     0x00000b1f       0x22 spi4.o
                                0x190 (size before relaxing)
 .debug_str     0x00000b41        0xf TFT_spi.o
                                0x19a (size before relaxing)

.debug_loc      0x00000000     0x345a
 *(.debug_loc)
 .debug_loc     0x00000000       0x59 GCLCD/common/gfgeth.o
 .debug_loc     0x00000059      0x34a GCLCD/common/gfputch.o
 .debug_loc     0x000003a3       0xd1 GCLCD/common/gfsel.o
 .debug_loc     0x00000474      0x325 GCLCD/common/gfsymw.o
 .debug_loc     0x00000799      0x410 GCLCD/common/giputsym.o
 .debug_loc     0x00000ba9      0x634 GCLCD/common/gsputs.o
 .debug_loc     0x000011dd       0xc9 GCLCD/common/gvpinit.o
 .debug_loc     0x000012a6      0x22c GCLCD/controller/ghwfill.o
 .debug_loc     0x000014d2      0x2d3 GCLCD/controller/ghwgscrl.o
 .debug_loc     0x000017a5      0xd64 GCLCD/controller/ghwsymwr.o
 .debug_loc     0x00002509      0x3f8 GCLCD/common/ghwcolcv.o
 .debug_loc     0x00002901      0x92d GCLCD/common/ghwinit.o
 .debug_loc     0x0000322e       0x21 GCLCD/ghwio/bussim.o
 .debug_loc     0x0000324f      0x13e GCLCD/ghwio/ghwioini.o
 .debug_loc     0x0000338d       0x8b spi4.o
 .debug_loc     0x00003418       0x42 TFT_spi.o

.debug_macinfo
 *(.debug_macinfo)

.debug_weaknames
 *(.debug_weaknames)

.debug_funcnames
 *(.debug_funcnames)

.debug_typenames
 *(.debug_typenames)

.debug_varnames
 *(.debug_varnames)

.debug_pubtypes
 *(.debug_pubtypes)

.debug_ranges   0x00000000      0x2e8
 *(.debug_ranges)
 .debug_ranges  0x00000000       0x20 GCLCD/common/gfgeth.o
 .debug_ranges  0x00000020       0x58 GCLCD/common/gfputch.o
 .debug_ranges  0x00000078       0x20 GCLCD/common/gfsel.o
 .debug_ranges  0x00000098       0x18 GCLCD/common/gfsymw.o
 .debug_ranges  0x000000b0       0x10 GCLCD/common/giputsym.o
 .debug_ranges  0x000000c0       0x18 GCLCD/common/gsputs.o
 .debug_ranges  0x000000d8       0x28 GCLCD/common/gvpinit.o
 .debug_ranges  0x00000100       0x10 GCLCD/controller/ghwfill.o
 .debug_ranges  0x00000110       0x10 GCLCD/controller/ghwgscrl.o
 .debug_ranges  0x00000120       0x60 GCLCD/controller/ghwsymwr.o
 .debug_ranges  0x00000180       0x20 GCLCD/common/ghwcolcv.o
 .debug_ranges  0x000001a0       0x90 GCLCD/common/ghwinit.o
 .debug_ranges  0x00000230       0x20 GCLCD/ghwio/bussim.o
 .debug_ranges  0x00000250       0x48 GCLCD/ghwio/ghwioini.o
 .debug_ranges  0x00000298       0x18 main.o
 .debug_ranges  0x000002b0       0x20 spi4.o
 .debug_ranges  0x000002d0       0x18 TFT_spi.o

.debug_macro
 *(.debug_macro)
OUTPUT(LCD_Display.elf elf32-avr)
LOAD linker stubs
